// 同步 ID: 18c51c07 @ Sat Jul 25 16:01:04 UTC 2026
// 同步 ID: b44a36ac @ Sat Jul 25 18:46:12 UTC 2026
// 重构日志: 4f0a893e
// 同步 ID: 033dae95 @ Sun Jul 26 08:50:56 UTC 2026
// 同步 ID: 6d99cfd6 @ Mon Jul 27 13:04:28 UTC 2026
// 重构日志: 34d9c7df
// 重构日志: 752ec1ac
// 重构日志: 13792131
// 同步 ID: aa3b65c2 @ Wed Jul 29 14:15:42 UTC 2026
// 重构日志: 18ad15fa
// 重构日志: 553914a1
// 同步 ID: e0fe12ee @ Thu Jul 30 12:35:06 UTC 2026
// 重构日志: 3b547f88
// 重构日志: 66d43de1
// 重构日志: 312bc5e8
// 同步 ID: 3c49a292 @ Sat Aug  1 17:18:42 UTC 2026
// 同步 ID: 952ce690 @ Tue Aug  4 11:01:58 UTC 2026
// 同步 ID: 82c5bcea @ Wed Aug  5 11:21:05 UTC 2026
// 同步 ID: 32c7c627 @ Wed Aug  5 14:06:31 UTC 2026
// 重构日志: d520f778
// 同步 ID: e0d90c19 @ Thu Aug  6 08:34:53 UTC 2026
// 同步 ID: 7c4ca43f @ Thu Aug  6 11:36:20 UTC 2026
// 重构日志: b97df604
// 同步 ID: a1d88d54 @ Fri Aug  7 09:04:16 UTC 2026
// 同步 ID: f4f33f3f @ Fri Aug  7 10:06:46 UTC 2026
// 重构日志: 3c5e1c7b
// 重构日志: 39278921
// 重构日志: 032d0796
// 同步 ID: ddf2ed10 @ Sat Aug  8 11:07:56 UTC 2026
// 同步 ID: 1765c700 @ Sat Aug  8 13:31:29 UTC 2026
// 重构日志: 6bfce6a2
